
Memory Configuration

Name             Origin             Length             Attributes
RAM              0x0000000020000000 0x000000000001c000 xrw
FLASH            0x0000000008000000 0x0000000000080000 xr
*default*        0x0000000000000000 0xffffffffffffffff

Linker script and memory map

LOAD /tmp/ccPL6SHn.o
LOAD /tmp/ccOgmFUX.o
                0x0000000000000200                _min_heap_size = 0x200
                0x0000000000000400                _min_stack_size = 0x400
                0x000000002001c000                PROVIDE (_estack = (ORIGIN (RAM) + LENGTH (RAM)))

.isr_vector     0x0000000008000000      0x1c4
                0x0000000008000000                . = ALIGN (0x4)
 *(.isr_vector)
 .isr_vector    0x0000000008000000      0x1c4 /tmp/ccPL6SHn.o
                0x0000000008000000                g_pfnVectors

.text           0x00000000080001c4       0x6c
                0x00000000080001c4                . = ALIGN (0x4)
 *(.text)
 .text          0x00000000080001c4       0x14 /tmp/ccPL6SHn.o
 .text          0x00000000080001d8        0x8 /tmp/ccOgmFUX.o
                0x00000000080001d8                _main
 *(.text*)
 .text.reset_handler
                0x00000000080001e0       0x4c /tmp/ccPL6SHn.o
                0x00000000080001e0                reset_handler
 .text.default_handler
                0x000000000800022c        0x2 /tmp/ccPL6SHn.o
                0x000000000800022c                RTC_Alarm_IRQHandler
                0x000000000800022c                EXTI2_IRQHandler
                0x000000000800022c                TIM8_CC_IRQHandler
                0x000000000800022c                SPDIF_Rx_IRQHandler
                0x000000000800022c                DebugMon_Handler
                0x000000000800022c                SPI4_IRQHandler
                0x000000000800022c                TIM1_CC_IRQHandler
                0x000000000800022c                QuadSPI_IRQHandler
                0x000000000800022c                DMA2_Stream5_IRQHandler
                0x000000000800022c                DMA1_Stream5_IRQHandler
                0x000000000800022c                SysTick_Handler
                0x000000000800022c                PVD_IRQHandler
                0x000000000800022c                SDIO_IRQHandler
                0x000000000800022c                TAMP_STAMP_IRQHandler
                0x000000000800022c                PendSV_Handler
                0x000000000800022c                CAN2_RX1_IRQHandler
                0x000000000800022c                EXTI3_IRQHandler
                0x000000000800022c                TIM8_TRG_COM_TIM14_IRQHandler
                0x000000000800022c                TIM1_UP_TIM10_IRQHandler
                0x000000000800022c                FMPI2C1_error_IRQHandler
                0x000000000800022c                TIM8_UP_TIM13_IRQHandler
                0x000000000800022c                I2C3_ER_IRQHandler
                0x000000000800022c                busfault_handler
                0x000000000800022c                EXTI0_IRQHandler
                0x000000000800022c                I2C2_EV_IRQHandler
                0x000000000800022c                DMA1_Stream2_IRQHandler
                0x000000000800022c                CAN1_RX0_IRQHandler
                0x000000000800022c                FPU_IRQHandler
                0x000000000800022c                OTG_HS_WKUP_IRQHandler
                0x000000000800022c                CAN2_SCE_IRQHandler
                0x000000000800022c                DMA2_Stream2_IRQHandler
                0x000000000800022c                memmanage_handler
                0x000000000800022c                SPI1_IRQHandler
                0x000000000800022c                TIM6_DAC_IRQHandler
                0x000000000800022c                TIM1_BRK_TIM9_IRQHandler
                0x000000000800022c                DCMI_IRQHandler
                0x000000000800022c                CAN2_RX0_IRQHandler
                0x000000000800022c                DMA2_Stream3_IRQHandler
                0x000000000800022c                FMPI2C1_IRQHandler
                0x000000000800022c                default_handler
                0x000000000800022c                SAI2_IRQHandler
                0x000000000800022c                USART6_IRQHandler
                0x000000000800022c                USART3_IRQHandler
                0x000000000800022c                CAN1_RX1_IRQHandler
                0x000000000800022c                UART5_IRQHandler
                0x000000000800022c                DMA2_Stream0_IRQHandler
                0x000000000800022c                TIM4_IRQHandler
                0x000000000800022c                I2C1_EV_IRQHandler
                0x000000000800022c                HDMI_CEC_IRQHandler
                0x000000000800022c                DMA1_Stream6_IRQHandler
                0x000000000800022c                DMA1_Stream1_IRQHandler
                0x000000000800022c                UART4_IRQHandler
                0x000000000800022c                TIM3_IRQHandler
                0x000000000800022c                RCC_IRQHandler
                0x000000000800022c                TIM8_BRK_TIM12_IRQHandler
                0x000000000800022c                EXTI15_10_IRQHandler
                0x000000000800022c                ADC_IRQHandler
                0x000000000800022c                DMA1_Stream7_IRQHandler
                0x000000000800022c                TIM7_IRQHandler
                0x000000000800022c                CAN2_TX_IRQHandler
                0x000000000800022c                TIM5_IRQHandler
                0x000000000800022c                DMA2_Stream7_IRQHandler
                0x000000000800022c                I2C3_EV_IRQHandler
                0x000000000800022c                EXTI9_5_IRQHandler
                0x000000000800022c                RTC_WKUP_IRQHandler
                0x000000000800022c                SPI2_IRQHandler
                0x000000000800022c                OTG_HS_EP1_IN_IRQHandler
                0x000000000800022c                DMA1_Stream0_IRQHandler
                0x000000000800022c                CAN1_TX_IRQHandler
                0x000000000800022c                SVC_Handler
                0x000000000800022c                EXTI4_IRQHandler
                0x000000000800022c                usagefault_handler
                0x000000000800022c                OTG_HS_EP1_OUT_IRQHandler
                0x000000000800022c                WWDG_IRQHandler
                0x000000000800022c                TIM2_IRQHandler
                0x000000000800022c                OTG_FS_WKUP_IRQHandler
                0x000000000800022c                TIM1_TRG_COM_TIM11_IRQHandler
                0x000000000800022c                OTG_HS_IRQHandler
                0x000000000800022c                hardfault_handler
                0x000000000800022c                EXTI1_IRQHandler
                0x000000000800022c                nmi_handler
                0x000000000800022c                USART2_IRQHandler
                0x000000000800022c                I2C2_ER_IRQHandler
                0x000000000800022c                DMA2_Stream1_IRQHandler
                0x000000000800022c                CAN1_SCE_IRQHandler
                0x000000000800022c                FLASH_IRQHandler
                0x000000000800022c                DMA2_Stream4_IRQHandler
                0x000000000800022c                USART1_IRQHandler
                0x000000000800022c                OTG_FS_IRQHandler
                0x000000000800022c                SPI3_IRQHandler
                0x000000000800022c                DMA1_Stream4_IRQHandler
                0x000000000800022c                I2C1_ER_IRQHandler
                0x000000000800022c                FMC_IRQHandler
                0x000000000800022c                DMA2_Stream6_IRQHandler
                0x000000000800022c                SAI1_IRQHandler
                0x000000000800022c                DMA1_Stream3_IRQHandler
                0x0000000008000230                . = ALIGN (0x4)
 *fill*         0x000000000800022e        0x2 
                0x0000000008000230                _etext = .

.glue_7         0x0000000008000230        0x0
 .glue_7        0x0000000008000230        0x0 linker stubs

.glue_7t        0x0000000008000230        0x0
 .glue_7t       0x0000000008000230        0x0 linker stubs

.vfp11_veneer   0x0000000008000230        0x0
 .vfp11_veneer  0x0000000008000230        0x0 linker stubs

.v4_bx          0x0000000008000230        0x0
 .v4_bx         0x0000000008000230        0x0 linker stubs

.iplt           0x0000000008000230        0x0
 .iplt          0x0000000008000230        0x0 /tmp/ccPL6SHn.o

.rel.dyn        0x0000000008000230        0x0
 .rel.iplt      0x0000000008000230        0x0 /tmp/ccPL6SHn.o

.rodata         0x0000000008000230        0x0
                0x0000000008000230                . = ALIGN (0x4)
 *(.rodata)
 *(.rodata*)
                0x0000000008000230                . = ALIGN (0x4)
                0x0000000008000230                _sidata = LOADADDR (.data)

.data           0x0000000020000000        0x0 load address 0x0000000008000230
                0x0000000020000000                . = ALIGN (0x4)
                0x0000000020000000                _sdata = .
 *(.data)
 .data          0x0000000020000000        0x0 /tmp/ccPL6SHn.o
 .data          0x0000000020000000        0x0 /tmp/ccOgmFUX.o
 *(.data*)
                0x0000000020000000                . = ALIGN (0x4)
                0x0000000020000000                _edata = .

.igot.plt       0x0000000020000000        0x0 load address 0x0000000008000230
 .igot.plt      0x0000000020000000        0x0 /tmp/ccPL6SHn.o

.bss            0x0000000020000000        0x0 load address 0x0000000008000230
                0x0000000020000000                . = ALIGN (0x4)
                0x0000000020000000                _sbss = .
                0x0000000020000000                __bss_start__ = _sbss
 *(.bss)
 .bss           0x0000000020000000        0x0 /tmp/ccPL6SHn.o
 .bss           0x0000000020000000        0x0 /tmp/ccOgmFUX.o
 *(.bss*)
 *(COMMON)
                0x0000000020000000                . = ALIGN (0x4)
                0x0000000020000000                _ebss = .
                0x0000000020000000                __bss_end__ = _ebss

._user_heap_stack
                0x0000000020000000      0x600 load address 0x0000000008000230
                0x0000000020000000                . = ALIGN (0x8)
                [!provide]                        PROVIDE (end = .)
                [!provide]                        PROVIDE (_end = .)
                0x0000000020000200                . = (. + _min_heap_size)
 *fill*         0x0000000020000000      0x200 
                0x0000000020000600                . = (. + _min_stack_size)
 *fill*         0x0000000020000200      0x400 
                0x0000000020000600                . = ALIGN (0x8)

/DISCARD/
 libc.a(*)
 libm.a(*)
 libgcc.a(*)

.ARM.attributes
                0x0000000000000000       0x33
 *(.ARM.attributes)
 .ARM.attributes
                0x0000000000000000       0x25 /tmp/ccPL6SHn.o
 .ARM.attributes
                0x0000000000000025       0x2a /tmp/ccOgmFUX.o
OUTPUT(cbb elf32-littlearm)
LOAD linker stubs
LOAD /opt/gccarm/bin/../lib/gcc/arm-none-eabi/11.3.1/../../../../arm-none-eabi/lib/libc.a
LOAD /opt/gccarm/bin/../lib/gcc/arm-none-eabi/11.3.1/../../../../arm-none-eabi/lib/libm.a
LOAD /opt/gccarm/bin/../lib/gcc/arm-none-eabi/11.3.1/libgcc.a

.debug_line     0x0000000000000000       0xcc
 .debug_line    0x0000000000000000       0x79 /tmp/ccPL6SHn.o
 .debug_line    0x0000000000000079       0x53 /tmp/ccOgmFUX.o

.debug_line_str
                0x0000000000000000       0x2b
 .debug_line_str
                0x0000000000000000       0x25 /tmp/ccPL6SHn.o
                                         0x2d (size before relaxing)
 .debug_line_str
                0x0000000000000025        0x6 /tmp/ccOgmFUX.o
                                         0x29 (size before relaxing)

.debug_info     0x0000000000000000       0x87
 .debug_info    0x0000000000000000       0x23 /tmp/ccPL6SHn.o
 .debug_info    0x0000000000000023       0x64 /tmp/ccOgmFUX.o

.debug_abbrev   0x0000000000000000       0x5f
 .debug_abbrev  0x0000000000000000       0x12 /tmp/ccPL6SHn.o
 .debug_abbrev  0x0000000000000012       0x4d /tmp/ccOgmFUX.o

.debug_aranges  0x0000000000000000       0x48
 .debug_aranges
                0x0000000000000000       0x28 /tmp/ccPL6SHn.o
 .debug_aranges
                0x0000000000000028       0x20 /tmp/ccOgmFUX.o

.debug_str      0x0000000000000000       0x93
 .debug_str     0x0000000000000000       0x31 /tmp/ccPL6SHn.o
 .debug_str     0x0000000000000031       0x62 /tmp/ccOgmFUX.o
                                         0x7c (size before relaxing)

.debug_rnglists
                0x0000000000000000       0x19
 .debug_rnglists
                0x0000000000000000       0x19 /tmp/ccPL6SHn.o

.comment        0x0000000000000000       0x33
 .comment       0x0000000000000000       0x33 /tmp/ccOgmFUX.o
                                         0x34 (size before relaxing)

.debug_frame    0x0000000000000000       0x20
 .debug_frame   0x0000000000000000       0x20 /tmp/ccOgmFUX.o
