
Memory Configuration

Name             Origin             Length             Attributes
RAM              0x0000000020000000 0x000000000001c000 xrw
FLASH            0x0000000008000000 0x0000000000080000 xr
*default*        0x0000000000000000 0xffffffffffffffff

Linker script and memory map

LOAD CMakeFiles/meta-uart-obj.dir/ma.s.obj
LOAD CMakeFiles/meta-uart-obj.dir/head.s.obj
LOAD CMakeFiles/meta-uart-obj.dir/media/psf/stm/asmf446/start.s.obj
                0x0000000000000200                _min_heap_size = 0x200
                0x0000000000000400                _min_stack_size = 0x400
                0x000000002001c000                PROVIDE (_estack = (ORIGIN (RAM) + LENGTH (RAM)))

.isr_vector     0x0000000008000000      0x1c4
                0x0000000008000000                . = ALIGN (0x4)
 *(.isr_vector)
 .isr_vector    0x0000000008000000      0x1c4 CMakeFiles/meta-uart-obj.dir/media/psf/stm/asmf446/start.s.obj
                0x0000000008000000                g_pfnVectors

.text           0x00000000080001c4       0x84
                0x00000000080001c4                . = ALIGN (0x4)
 *(.text)
 .text          0x00000000080001c4        0x0 CMakeFiles/meta-uart-obj.dir/ma.s.obj
 .text          0x00000000080001c4        0x0 CMakeFiles/meta-uart-obj.dir/head.s.obj
 .text          0x00000000080001c4       0x14 CMakeFiles/meta-uart-obj.dir/media/psf/stm/asmf446/start.s.obj
 *(.text*)
 .text._main    0x00000000080001d8       0x20 CMakeFiles/meta-uart-obj.dir/ma.s.obj
                0x00000000080001d8                _main
 .text.reset_handler
                0x00000000080001f8       0x4c CMakeFiles/meta-uart-obj.dir/media/psf/stm/asmf446/start.s.obj
                0x00000000080001f8                reset_handler
 .text.default_handler
                0x0000000008000244        0x2 CMakeFiles/meta-uart-obj.dir/media/psf/stm/asmf446/start.s.obj
                0x0000000008000244                RTC_Alarm_IRQHandler
                0x0000000008000244                EXTI2_IRQHandler
                0x0000000008000244                TIM8_CC_IRQHandler
                0x0000000008000244                SPDIF_Rx_IRQHandler
                0x0000000008000244                DebugMon_Handler
                0x0000000008000244                SPI4_IRQHandler
                0x0000000008000244                TIM1_CC_IRQHandler
                0x0000000008000244                QuadSPI_IRQHandler
                0x0000000008000244                DMA2_Stream5_IRQHandler
                0x0000000008000244                DMA1_Stream5_IRQHandler
                0x0000000008000244                SysTick_Handler
                0x0000000008000244                PVD_IRQHandler
                0x0000000008000244                SDIO_IRQHandler
                0x0000000008000244                TAMP_STAMP_IRQHandler
                0x0000000008000244                PendSV_Handler
                0x0000000008000244                CAN2_RX1_IRQHandler
                0x0000000008000244                EXTI3_IRQHandler
                0x0000000008000244                TIM8_TRG_COM_TIM14_IRQHandler
                0x0000000008000244                TIM1_UP_TIM10_IRQHandler
                0x0000000008000244                FMPI2C1_error_IRQHandler
                0x0000000008000244                TIM8_UP_TIM13_IRQHandler
                0x0000000008000244                I2C3_ER_IRQHandler
                0x0000000008000244                busfault_handler
                0x0000000008000244                EXTI0_IRQHandler
                0x0000000008000244                I2C2_EV_IRQHandler
                0x0000000008000244                DMA1_Stream2_IRQHandler
                0x0000000008000244                CAN1_RX0_IRQHandler
                0x0000000008000244                FPU_IRQHandler
                0x0000000008000244                OTG_HS_WKUP_IRQHandler
                0x0000000008000244                CAN2_SCE_IRQHandler
                0x0000000008000244                DMA2_Stream2_IRQHandler
                0x0000000008000244                memmanage_handler
                0x0000000008000244                SPI1_IRQHandler
                0x0000000008000244                TIM6_DAC_IRQHandler
                0x0000000008000244                TIM1_BRK_TIM9_IRQHandler
                0x0000000008000244                DCMI_IRQHandler
                0x0000000008000244                CAN2_RX0_IRQHandler
                0x0000000008000244                DMA2_Stream3_IRQHandler
                0x0000000008000244                FMPI2C1_IRQHandler
                0x0000000008000244                default_handler
                0x0000000008000244                SAI2_IRQHandler
                0x0000000008000244                USART6_IRQHandler
                0x0000000008000244                USART3_IRQHandler
                0x0000000008000244                CAN1_RX1_IRQHandler
                0x0000000008000244                UART5_IRQHandler
                0x0000000008000244                DMA2_Stream0_IRQHandler
                0x0000000008000244                TIM4_IRQHandler
                0x0000000008000244                I2C1_EV_IRQHandler
                0x0000000008000244                HDMI_CEC_IRQHandler
                0x0000000008000244                DMA1_Stream6_IRQHandler
                0x0000000008000244                DMA1_Stream1_IRQHandler
                0x0000000008000244                UART4_IRQHandler
                0x0000000008000244                TIM3_IRQHandler
                0x0000000008000244                RCC_IRQHandler
                0x0000000008000244                TIM8_BRK_TIM12_IRQHandler
                0x0000000008000244                EXTI15_10_IRQHandler
                0x0000000008000244                ADC_IRQHandler
                0x0000000008000244                DMA1_Stream7_IRQHandler
                0x0000000008000244                TIM7_IRQHandler
                0x0000000008000244                CAN2_TX_IRQHandler
                0x0000000008000244                TIM5_IRQHandler
                0x0000000008000244                DMA2_Stream7_IRQHandler
                0x0000000008000244                I2C3_EV_IRQHandler
                0x0000000008000244                EXTI9_5_IRQHandler
                0x0000000008000244                RTC_WKUP_IRQHandler
                0x0000000008000244                SPI2_IRQHandler
                0x0000000008000244                OTG_HS_EP1_IN_IRQHandler
                0x0000000008000244                DMA1_Stream0_IRQHandler
                0x0000000008000244                CAN1_TX_IRQHandler
                0x0000000008000244                SVC_Handler
                0x0000000008000244                EXTI4_IRQHandler
                0x0000000008000244                usagefault_handler
                0x0000000008000244                OTG_HS_EP1_OUT_IRQHandler
                0x0000000008000244                WWDG_IRQHandler
                0x0000000008000244                TIM2_IRQHandler
                0x0000000008000244                OTG_FS_WKUP_IRQHandler
                0x0000000008000244                TIM1_TRG_COM_TIM11_IRQHandler
                0x0000000008000244                OTG_HS_IRQHandler
                0x0000000008000244                hardfault_handler
                0x0000000008000244                EXTI1_IRQHandler
                0x0000000008000244                nmi_handler
                0x0000000008000244                USART2_IRQHandler
                0x0000000008000244                I2C2_ER_IRQHandler
                0x0000000008000244                DMA2_Stream1_IRQHandler
                0x0000000008000244                CAN1_SCE_IRQHandler
                0x0000000008000244                FLASH_IRQHandler
                0x0000000008000244                DMA2_Stream4_IRQHandler
                0x0000000008000244                USART1_IRQHandler
                0x0000000008000244                OTG_FS_IRQHandler
                0x0000000008000244                SPI3_IRQHandler
                0x0000000008000244                DMA1_Stream4_IRQHandler
                0x0000000008000244                I2C1_ER_IRQHandler
                0x0000000008000244                FMC_IRQHandler
                0x0000000008000244                DMA2_Stream6_IRQHandler
                0x0000000008000244                SAI1_IRQHandler
                0x0000000008000244                DMA1_Stream3_IRQHandler
                0x0000000008000248                . = ALIGN (0x4)
 *fill*         0x0000000008000246        0x2 
                0x0000000008000248                _etext = .

.glue_7         0x0000000008000248        0x0
 .glue_7        0x0000000008000248        0x0 linker stubs

.glue_7t        0x0000000008000248        0x0
 .glue_7t       0x0000000008000248        0x0 linker stubs

.vfp11_veneer   0x0000000008000248        0x0
 .vfp11_veneer  0x0000000008000248        0x0 linker stubs

.v4_bx          0x0000000008000248        0x0
 .v4_bx         0x0000000008000248        0x0 linker stubs

.iplt           0x0000000008000248        0x0
 .iplt          0x0000000008000248        0x0 CMakeFiles/meta-uart-obj.dir/media/psf/stm/asmf446/start.s.obj

.rel.dyn        0x0000000008000248        0x0
 .rel.iplt      0x0000000008000248        0x0 CMakeFiles/meta-uart-obj.dir/media/psf/stm/asmf446/start.s.obj

.rodata         0x0000000008000248        0x0
                0x0000000008000248                . = ALIGN (0x4)
 *(.rodata)
 *(.rodata*)
                0x0000000008000248                . = ALIGN (0x4)
                0x0000000008000248                _sidata = LOADADDR (.data)

.data           0x0000000020000000        0x0 load address 0x0000000008000248
                0x0000000020000000                . = ALIGN (0x4)
                0x0000000020000000                _sdata = .
 *(.data)
 .data          0x0000000020000000        0x0 CMakeFiles/meta-uart-obj.dir/ma.s.obj
 .data          0x0000000020000000        0x0 CMakeFiles/meta-uart-obj.dir/head.s.obj
 .data          0x0000000020000000        0x0 CMakeFiles/meta-uart-obj.dir/media/psf/stm/asmf446/start.s.obj
 *(.data*)
                0x0000000020000000                . = ALIGN (0x4)
                0x0000000020000000                _edata = .

.igot.plt       0x0000000020000000        0x0 load address 0x0000000008000248
 .igot.plt      0x0000000020000000        0x0 CMakeFiles/meta-uart-obj.dir/media/psf/stm/asmf446/start.s.obj

.bss            0x0000000020000000        0x0 load address 0x0000000008000248
                0x0000000020000000                . = ALIGN (0x4)
                0x0000000020000000                _sbss = .
                0x0000000020000000                __bss_start__ = _sbss
 *(.bss)
 .bss           0x0000000020000000        0x0 CMakeFiles/meta-uart-obj.dir/ma.s.obj
 .bss           0x0000000020000000        0x0 CMakeFiles/meta-uart-obj.dir/head.s.obj
 .bss           0x0000000020000000        0x0 CMakeFiles/meta-uart-obj.dir/media/psf/stm/asmf446/start.s.obj
 *(.bss*)
 *(COMMON)
                0x0000000020000000                . = ALIGN (0x4)
                0x0000000020000000                _ebss = .
                0x0000000020000000                __bss_end__ = _ebss

._user_heap_stack
                0x0000000020000000      0x600 load address 0x0000000008000248
                0x0000000020000000                . = ALIGN (0x8)
                [!provide]                        PROVIDE (end = .)
                [!provide]                        PROVIDE (_end = .)
                0x0000000020000200                . = (. + _min_heap_size)
 *fill*         0x0000000020000000      0x200 
                0x0000000020000600                . = (. + _min_stack_size)
 *fill*         0x0000000020000200      0x400 
                0x0000000020000600                . = ALIGN (0x8)

/DISCARD/
 libc.a(*)
 libm.a(*)
 libgcc.a(*)

.ARM.attributes
                0x0000000000000000       0x25
 *(.ARM.attributes)
 .ARM.attributes
                0x0000000000000000       0x25 CMakeFiles/meta-uart-obj.dir/ma.s.obj
 .ARM.attributes
                0x0000000000000025       0x25 CMakeFiles/meta-uart-obj.dir/head.s.obj
 .ARM.attributes
                0x000000000000004a       0x25 CMakeFiles/meta-uart-obj.dir/media/psf/stm/asmf446/start.s.obj
OUTPUT(meta-uart-obj elf32-littlearm)
LOAD linker stubs
LOAD /opt/gccarm/bin/../lib/gcc/arm-none-eabi/11.3.1/../../../../arm-none-eabi/lib/libc.a
LOAD /opt/gccarm/bin/../lib/gcc/arm-none-eabi/11.3.1/../../../../arm-none-eabi/lib/libm.a
LOAD /opt/gccarm/bin/../lib/gcc/arm-none-eabi/11.3.1/libgcc.a

.debug_line     0x0000000000000000       0xce
 .debug_line    0x0000000000000000       0x55 CMakeFiles/meta-uart-obj.dir/ma.s.obj
 .debug_line    0x0000000000000055       0x79 CMakeFiles/meta-uart-obj.dir/media/psf/stm/asmf446/start.s.obj

.debug_line_str
                0x0000000000000000       0x72
 .debug_line_str
                0x0000000000000000       0x53 CMakeFiles/meta-uart-obj.dir/ma.s.obj
                                         0x58 (size before relaxing)
 .debug_line_str
                0x0000000000000053       0x1f CMakeFiles/meta-uart-obj.dir/media/psf/stm/asmf446/start.s.obj
                                         0x54 (size before relaxing)

.debug_info     0x0000000000000000       0x47
 .debug_info    0x0000000000000000       0x24 CMakeFiles/meta-uart-obj.dir/ma.s.obj
 .debug_info    0x0000000000000024       0x23 CMakeFiles/meta-uart-obj.dir/media/psf/stm/asmf446/start.s.obj

.debug_abbrev   0x0000000000000000       0x26
 .debug_abbrev  0x0000000000000000       0x14 CMakeFiles/meta-uart-obj.dir/ma.s.obj
 .debug_abbrev  0x0000000000000014       0x12 CMakeFiles/meta-uart-obj.dir/media/psf/stm/asmf446/start.s.obj

.debug_aranges  0x0000000000000000       0x48
 .debug_aranges
                0x0000000000000000       0x20 CMakeFiles/meta-uart-obj.dir/ma.s.obj
 .debug_aranges
                0x0000000000000020       0x28 CMakeFiles/meta-uart-obj.dir/media/psf/stm/asmf446/start.s.obj

.debug_str      0x0000000000000000       0x7e
 .debug_str     0x0000000000000000       0x5f CMakeFiles/meta-uart-obj.dir/ma.s.obj
 .debug_str     0x000000000000005f       0x1f CMakeFiles/meta-uart-obj.dir/media/psf/stm/asmf446/start.s.obj
                                         0x58 (size before relaxing)

.debug_rnglists
                0x0000000000000000       0x19
 .debug_rnglists
                0x0000000000000000       0x19 CMakeFiles/meta-uart-obj.dir/media/psf/stm/asmf446/start.s.obj
